[STREAM]
index=0
codec_name=h264
codec_long_name=H.264 / AVC / MPEG-4 AVC / MPEG-4 part 10
profile=Constrained Baseline
codec_type=video
codec_time_base=1/60
codec_tag_string=avc1
codec_tag=0x31637661
width=560
height=320
coded_width=560
coded_height=320
has_b_frames=0
sample_aspect_ratio=N/A
display_aspect_ratio=N/A
pix_fmt=yuv420p
level=30
color_range=tv
color_space=bt709
color_transfer=bt709
color_primaries=bt709
chroma_location=left
field_order=unknown
timecode=N/A
refs=1
is_avc=true
nal_length_size=4
id=N/A
r_frame_rate=30/1
avg_frame_rate=30/1
time_base=1/90000
start_pts=0
start_time=0.000000
duration_ts=498000
duration=5.533333
bit_rate=465641
max_bit_rate=N/A
bits_per_raw_sample=8
nb_frames=166
nb_read_frames=N/A
nb_read_packets=N/A
DISPOSITION:default=1
DISPOSITION:dub=0
DISPOSITION:original=0
DISPOSITION:comment=0
DISPOSITION:lyrics=0
DISPOSITION:karaoke=0
DISPOSITION:forced=0
DISPOSITION:hearing_impaired=0
DISPOSITION:visual_impaired=0
DISPOSITION:clean_effects=0
DISPOSITION:attached_pic=0
DISPOSITION:timed_thumbnails=0
TAG:creation_time=2010-03-20T21:29:11.000000Z
TAG:language=und
TAG:encoder=JVT/AVC Coding
[/STREAM]
[STREAM]
index=1
codec_name=aac
codec_long_name=AAC (Advanced Audio Coding)
profile=LC
codec_type=audio
codec_time_base=1/48000
codec_tag_string=mp4a
codec_tag=0x6134706d
sample_fmt=fltp
sample_rate=48000
channels=1
channel_layout=mono
bits_per_sample=0
id=N/A
r_frame_rate=0/0
avg_frame_rate=0/0
time_base=1/48000
start_pts=0
start_time=0.000000
duration_ts=267264
duration=5.568000
bit_rate=83050
max_bit_rate=91632
bits_per_raw_sample=N/A
nb_frames=261
nb_read_frames=N/A
nb_read_packets=N/A
DISPOSITION:default=1
DISPOSITION:dub=0
DISPOSITION:original=0
DISPOSITION:comment=0
DISPOSITION:lyrics=0
DISPOSITION:karaoke=0
DISPOSITION:forced=0
DISPOSITION:hearing_impaired=0
DISPOSITION:visual_impaired=0
DISPOSITION:clean_effects=0
DISPOSITION:attached_pic=0
DISPOSITION:timed_thumbnails=0
TAG:creation_time=2010-03-20T21:29:11.000000Z
TAG:language=eng
[/STREAM]
[FORMAT]
filename=https://somebucket.s3.region.amazonaws.com/file.mp4?versionId=v1&X-Amz-Algorithm=AWS4-HMAC-SHA256&X-Amz-Date=somedate&X-Amz-SignedHeaders=host&X-Amz-Expires=someamount&X-Amz-Credential=cred&X-Amz-Signature=sig
nb_streams=2
nb_programs=0
format_name=mov,mp4,m4a,3gp,3g2,mj2
format_long_name=QuickTime / MOV
start_time=0.000000
duration=5.568000
size=383631
bit_rate=551193
probe_score=100
TAG:major_brand=mp42
TAG:minor_version=0
TAG:compatible_brands=mp42isomavc1
TAG:creation_time=2010-03-20T21:29:11.000000Z
TAG:encoder=HandBrake 0.9.4 2009112300
[/FORMAT]