[STREAM]
index=0
codec_name=h264
codec_long_name=H.264 / AVC / MPEG-4 AVC / MPEG-4 part 10
profile=Constrained Baseline
codec_type=video
codec_time_base=1/50
codec_tag_string=avc1
codec_tag=0x31637661
width=480
height=360
coded_width=480
coded_height=360
has_b_frames=0
sample_aspect_ratio=1:1
display_aspect_ratio=4:3
pix_fmt=yuv420p
level=21
color_range=N/A
color_space=unknown
color_transfer=unknown
color_primaries=unknown
chroma_location=left
field_order=unknown
timecode=N/A
refs=1
is_avc=true
nal_length_size=4
id=N/A
r_frame_rate=25/1
avg_frame_rate=25/1
time_base=1/12800
start_pts=0
start_time=0.000000
duration_ts=66514944
duration=5196.480000
bit_rate=324989
max_bit_rate=N/A
bits_per_raw_sample=8
nb_frames=129912
nb_read_frames=N/A
nb_read_packets=N/A
DISPOSITION:default=1
DISPOSITION:dub=0
DISPOSITION:original=0
DISPOSITION:comment=0
DISPOSITION:lyrics=0
DISPOSITION:karaoke=0
DISPOSITION:forced=0
DISPOSITION:hearing_impaired=0
DISPOSITION:visual_impaired=0
DISPOSITION:clean_effects=0
DISPOSITION:attached_pic=0
DISPOSITION:timed_thumbnails=0
TAG:language=und
TAG:handler_name=VideoHandler
[/STREAM]
[STREAM]
index=1
codec_name=aac
codec_long_name=AAC (Advanced Audio Coding)
profile=LC
codec_type=audio
codec_time_base=1/44100
codec_tag_string=mp4a
codec_tag=0x6134706d
sample_fmt=fltp
sample_rate=44100
channels=2
channel_layout=stereo
bits_per_sample=0
id=N/A
r_frame_rate=0/0
avg_frame_rate=0/0
time_base=1/44100
start_pts=0
start_time=0.000000
duration_ts=229186560
duration=5196.974150
bit_rate=96000
max_bit_rate=104360
bits_per_raw_sample=N/A
nb_frames=223815
nb_read_frames=N/A
nb_read_packets=N/A
DISPOSITION:default=1
DISPOSITION:dub=0
DISPOSITION:original=0
DISPOSITION:comment=0
DISPOSITION:lyrics=0
DISPOSITION:karaoke=0
DISPOSITION:forced=0
DISPOSITION:hearing_impaired=0
DISPOSITION:visual_impaired=0
DISPOSITION:clean_effects=0
DISPOSITION:attached_pic=0
DISPOSITION:timed_thumbnails=0
TAG:creation_time=2017-08-25T10:31:08.000000Z
TAG:language=und
TAG:handler_name=IsoMedia File Produced by Google, 5-11-2011
[/STREAM]
